// Jest Snapshot v1, https://goo.gl/fbAQLP

exports[`toBeAFunction provides contextual information for the message 1`] = `
Object {
  "expected": " [empty set]",
}
`;

exports[`toBeAFunction returns the message with the proper text 1`] = `"Expected ([empty set]) to be a \\"Function\\" but it wasn't."`;

exports[`toBeAFunction returns the negated message with the proper text 1`] = `"Expected ([empty set]) not to be a \\"Function\\" but it was"`;
